DTZ011 `datetime.date.today()` used
  --> src/github_scaffolding_generator/generator.py:35:17
   |
34 |     def generate(self, context: dict) -> list[str]:
35 |         today = date.today()
   |                 ^^^^^^^^^^^^
36 |         context.setdefault("today", today.isoformat())
37 |         context.setdefault("year", str(today.year))
   |
help: Use `datetime.datetime.now(tz=...).date()` instead

RUF012 Mutable default value for class attribute
   --> src/github_scaffolding_generator/generator.py:117:45
    |
115 |           return self._render_template_map(project_dir, template_map, context)
116 |
117 |       _MANIFEST_TEMPLATES: dict[str, tuple] = {
    |  _____________________________________________^
118 | |         "Python": ("pyproject.toml", "pyproject.toml.j2"),
119 | |         "Node": ("package.json", "package.json.j2"),
120 | |         "Go": ("go.mod", "go.mod.j2"),
121 | |         "Java": ("pom.xml", "pom.xml.j2"),
122 | |         "Rust": ("Cargo.toml", "Cargo.toml.j2"),
123 | |         "PHP": ("composer.json", "composer.json.j2"),
124 | |         ".NET": ("{project_name}.csproj", "project.csproj.j2"),
125 | |         "Ruby": ("Gemfile", "Gemfile.j2"),
126 | |         "PowerShell": ("{project_name}.psd1", "module.psd1.j2"),
127 | |     }
    | |_____^
128 |
129 |       def _generate_project_files(self, project_dir: Path, context: dict) -> list[str]:
    |
help: Consider initializing in `__init__` or annotating with `typing.ClassVar`

DTZ011 `datetime.date.today()` used
   --> tests/test_cli.py:339:16
    |
337 |         changelog = Path(tmpdir) / "test-project" / "CHANGELOG.md"
338 |         content = changelog.read_text(encoding="utf-8")
339 |         assert date.today().isoformat() in content
    |                ^^^^^^^^^^^^
340 |         assert str(date.today().year) in content
    |
help: Use `datetime.datetime.now(tz=...).date()` instead

DTZ011 `datetime.date.today()` used
   --> tests/test_cli.py:340:20
    |
338 |         content = changelog.read_text(encoding="utf-8")
339 |         assert date.today().isoformat() in content
340 |         assert str(date.today().year) in content
    |                    ^^^^^^^^^^^^
help: Use `datetime.datetime.now(tz=...).date()` instead

DTZ011 `datetime.date.today()` used
   --> tests/test_cli.py:477:16
    |
475 |         readme = Path(tmpdir) / "test-project" / "README.md"
476 |         content = readme.read_text(encoding="utf-8")
477 |         assert date.today().isoformat() in content
    |                ^^^^^^^^^^^^
help: Use `datetime.datetime.now(tz=...).date()` instead

Found 5 errors.
